// Jest Snapshot v1, https://goo.gl/fbAQLP

exports[`Should render MoviesList component correctly 1`] = `
<div
  className="catalog__movies-list"
>
  <article
    className="small-movie-card catalog__movies-card"
  >
    <div
      className="small-movie-card__image"
      onMouseEnter={[Function]}
      onMouseLeave={[Function]}
    >
      <a
        href="/films/1"
        onClick={[Function]}
      >
        <video
          height="175"
          width="280"
        />
      </a>
    </div>
    <h3
      className="small-movie-card__title"
    >
      <a
        className="small-movie-card__link"
        href="/films/1"
        onClick={[Function]}
      >
        Macbeth
      </a>
    </h3>
  </article>
  <article
    className="small-movie-card catalog__movies-card"
  >
    <div
      className="small-movie-card__image"
      onMouseEnter={[Function]}
      onMouseLeave={[Function]}
    >
      <a
        href="/films/2"
        onClick={[Function]}
      >
        <video
          height="175"
          width="280"
        />
      </a>
    </div>
    <h3
      className="small-movie-card__title"
    >
      <a
        className="small-movie-card__link"
        href="/films/2"
        onClick={[Function]}
      >
        We need to talk about Kevin
      </a>
    </h3>
  </article>
  <article
    className="small-movie-card catalog__movies-card"
  >
    <div
      className="small-movie-card__image"
      onMouseEnter={[Function]}
      onMouseLeave={[Function]}
    >
      <a
        href="/films/3"
        onClick={[Function]}
      >
        <video
          height="175"
          width="280"
        />
      </a>
    </div>
    <h3
      className="small-movie-card__title"
    >
      <a
        className="small-movie-card__link"
        href="/films/3"
        onClick={[Function]}
      >
        Fantastic Beasts: The Crimes of Grindelwald
      </a>
    </h3>
  </article>
  <article
    className="small-movie-card catalog__movies-card"
  >
    <div
      className="small-movie-card__image"
      onMouseEnter={[Function]}
      onMouseLeave={[Function]}
    >
      <a
        href="/films/4"
        onClick={[Function]}
      >
        <video
          height="175"
          width="280"
        />
      </a>
    </div>
    <h3
      className="small-movie-card__title"
    >
      <a
        className="small-movie-card__link"
        href="/films/4"
        onClick={[Function]}
      >
        Shutter Island
      </a>
    </h3>
  </article>
  <article
    className="small-movie-card catalog__movies-card"
  >
    <div
      className="small-movie-card__image"
      onMouseEnter={[Function]}
      onMouseLeave={[Function]}
    >
      <a
        href="/films/5"
        onClick={[Function]}
      >
        <video
          height="175"
          width="280"
        />
      </a>
    </div>
    <h3
      className="small-movie-card__title"
    >
      <a
        className="small-movie-card__link"
        href="/films/5"
        onClick={[Function]}
      >
        Snatch
      </a>
    </h3>
  </article>
  <article
    className="small-movie-card catalog__movies-card"
  >
    <div
      className="small-movie-card__image"
      onMouseEnter={[Function]}
      onMouseLeave={[Function]}
    >
      <a
        href="/films/6"
        onClick={[Function]}
      >
        <video
          height="175"
          width="280"
        />
      </a>
    </div>
    <h3
      className="small-movie-card__title"
    >
      <a
        className="small-movie-card__link"
        href="/films/6"
        onClick={[Function]}
      >
        Pulp Fiction
      </a>
    </h3>
  </article>
  <article
    className="small-movie-card catalog__movies-card"
  >
    <div
      className="small-movie-card__image"
      onMouseEnter={[Function]}
      onMouseLeave={[Function]}
    >
      <a
        href="/films/7"
        onClick={[Function]}
      >
        <video
          height="175"
          width="280"
        />
      </a>
    </div>
    <h3
      className="small-movie-card__title"
    >
      <a
        className="small-movie-card__link"
        href="/films/7"
        onClick={[Function]}
      >
        Revenant
      </a>
    </h3>
  </article>
  <article
    className="small-movie-card catalog__movies-card"
  >
    <div
      className="small-movie-card__image"
      onMouseEnter={[Function]}
      onMouseLeave={[Function]}
    >
      <a
        href="/films/8"
        onClick={[Function]}
      >
        <video
          height="175"
          width="280"
        />
      </a>
    </div>
    <h3
      className="small-movie-card__title"
    >
      <a
        className="small-movie-card__link"
        href="/films/8"
        onClick={[Function]}
      >
        Bohemian Rhapsody
      </a>
    </h3>
  </article>
</div>
`;
